src/renderer/App.tsx(12,26): error TS2339: Property 'api' does not exist on type 'Window & typeof globalThis'.
src/renderer/pages/AdminDashboard.tsx(176,37): error TS2339: Property 'api' does not exist on type 'Window & typeof globalThis'.
src/renderer/pages/AdminDashboard.tsx(196,37): error TS2339: Property 'api' does not exist on type 'Window & typeof globalThis'.
src/renderer/pages/Landing.tsx(20,48): error TS2503: Cannot find namespace 'NodeJS'.
src/renderer/pages/Landing.tsx(26,45): error TS2339: Property 'api' does not exist on type 'Window & typeof globalThis'.
src/renderer/pages/Landing.tsx(72,41): error TS2339: Property 'api' does not exist on type 'Window & typeof globalThis'.
src/renderer/pages/Landing.tsx(84,45): error TS2339: Property 'api' does not exist on type 'Window & typeof globalThis'.
src/renderer/pages/Landing.tsx(92,24): error TS2551: Property 'activeFrameId' does not exist on type 'AppConfig'. Did you mean 'activeFrameIds'?
src/renderer/pages/Landing.tsx(93,39): error TS2551: Property 'activeFrameId' does not exist on type 'AppConfig'. Did you mean 'activeFrameIds'?
src/renderer/pages/PostProcessing.tsx(209,45): error TS2339: Property 'api' does not exist on type 'Window & typeof globalThis'.
src/renderer/pages/PostProcessing.tsx(215,45): error TS2339: Property 'api' does not exist on type 'Window & typeof globalThis'.
